// Jest Snapshot v1, https://goo.gl/fbAQLP

exports[`BeagleModalComponent should match snapshot 1`] = `
BeagleModalComponent {
  "elementRef": ElementRef {
    "nativeElement": <div
      id="root0"
    >
      <div
        class="modal"
      >
        <div
          class="modal-background"
        >
          <div
            class="modal-content"
          />
        </div>
      </div>
    </div>,
  },
  "onClose": [MockFunction],
}
`;
