// Jest Snapshot v1, https://goo.gl/fbAQLP

exports[`BeagleImageComponent should match snapshot 1`] = `
BeagleImageComponent {
  "accessibility": Object {
    "accessibilityLabel": "Alt text",
    "accessible": true,
  },
  "imageSource": "",
  "mode": "FIT_CENTER",
  "ngOnChanges": [Function],
  "path": Object {
    "_beagleImagePath_": "local",
    "url": "http://teste.com.br",
  },
}
`;
