// Jest Snapshot v1, https://goo.gl/fbAQLP

exports[`BeagleTabViewComponent should match the snapshot 1`] = `
BeagleTabViewComponent {
  "activeTab": "",
  "styleId": "",
  "tabsService": TabsService {
    "selectedTab": BehaviorSubject {
      "_isScalar": false,
      "_value": "",
      "closed": false,
      "hasError": false,
      "isStopped": false,
      "observers": Array [],
      "thrownError": null,
    },
  },
}
`;
